Archive member included because of file (symbol)

../../../../../libopencm3//lib/libopencm3_stm32f3.a(rcc.o)
                              adc.o (rcc_clock_setup_hsi)
../../../../../libopencm3//lib/libopencm3_stm32f3.a(gpio.o)
                              adc.o (gpio_mode_setup)
../../../../../libopencm3//lib/libopencm3_stm32f3.a(adc.o)
                              adc.o (adc_start_conversion_regular)
../../../../../libopencm3//lib/libopencm3_stm32f3.a(usart_common_all.o)
                              adc.o (usart_set_baudrate)
../../../../../libopencm3//lib/libopencm3_stm32f3.a(flash_common_f234.o)
                              ../../../../../libopencm3//lib/libopencm3_stm32f3.a(rcc.o) (flash_set_ws)
../../../../../libopencm3//lib/libopencm3_stm32f3.a(rcc_common_all.o)
                              adc.o (rcc_periph_clock_enable)
../../../../../libopencm3//lib/libopencm3_stm32f3.a(vector.o)
                              (reset_handler)
../../../../../libopencm3//lib/libopencm3_stm32f3.a(assert.o)
                              ../../../../../libopencm3//lib/libopencm3_stm32f3.a(rcc.o) (cm3_assert_failed)
../../../../../libopencm3//lib/libopencm3_stm32f3.a(usart.o)
                              ../../../../../libopencm3//lib/libopencm3_stm32f3.a(usart_common_all.o) (usart_send)

Discarded input sections

 .text          0x0000000000000000        0x0 adc.o
 .data          0x0000000000000000        0x0 adc.o
 .bss           0x0000000000000000        0x0 adc.o
 .text          0x0000000000000000        0x0 ../../../../../libopencm3//lib/libopencm3_stm32f3.a(rcc.o)
 .data          0x0000000000000000        0x0 ../../../../../libopencm3//lib/libopencm3_stm32f3.a(rcc.o)
 .bss           0x0000000000000000        0x0 ../../../../../libopencm3//lib/libopencm3_stm32f3.a(rcc.o)
 .text.rcc_osc_ready_int_clear
                0x0000000000000000       0x48 ../../../../../libopencm3//lib/libopencm3_stm32f3.a(rcc.o)
 .text.rcc_osc_ready_int_enable
                0x0000000000000000       0x48 ../../../../../libopencm3//lib/libopencm3_stm32f3.a(rcc.o)
 .text.rcc_osc_ready_int_disable
                0x0000000000000000       0x48 ../../../../../libopencm3//lib/libopencm3_stm32f3.a(rcc.o)
 .text.rcc_osc_ready_int_flag
                0x0000000000000000       0x44 ../../../../../libopencm3//lib/libopencm3_stm32f3.a(rcc.o)
 .text.rcc_css_int_clear
                0x0000000000000000       0x10 ../../../../../libopencm3//lib/libopencm3_stm32f3.a(rcc.o)
 .text.rcc_css_int_flag
                0x0000000000000000       0x10 ../../../../../libopencm3//lib/libopencm3_stm32f3.a(rcc.o)
 .text.rcc_css_enable
                0x0000000000000000       0x10 ../../../../../libopencm3//lib/libopencm3_stm32f3.a(rcc.o)
 .text.rcc_css_disable
                0x0000000000000000       0x10 ../../../../../libopencm3//lib/libopencm3_stm32f3.a(rcc.o)
 .text.rcc_osc_bypass_enable
                0x0000000000000000       0x28 ../../../../../libopencm3//lib/libopencm3_stm32f3.a(rcc.o)
 .text.rcc_osc_bypass_disable
                0x0000000000000000       0x28 ../../../../../libopencm3//lib/libopencm3_stm32f3.a(rcc.o)
 .text.rcc_get_system_clock_source
                0x0000000000000000       0x10 ../../../../../libopencm3//lib/libopencm3_stm32f3.a(rcc.o)
 .text.rcc_backupdomain_reset
                0x0000000000000000       0x18 ../../../../../libopencm3//lib/libopencm3_stm32f3.a(rcc.o)
 .text.rcc_set_i2c_clock_hsi
                0x0000000000000000       0x34 ../../../../../libopencm3//lib/libopencm3_stm32f3.a(rcc.o)
 .text.rcc_set_i2c_clock_sysclk
                0x0000000000000000       0x34 ../../../../../libopencm3//lib/libopencm3_stm32f3.a(rcc.o)
 .text.rcc_get_i2c_clocks
                0x0000000000000000       0x10 ../../../../../libopencm3//lib/libopencm3_stm32f3.a(rcc.o)
 .text.rcc_usb_prescale_1_5
                0x0000000000000000       0x10 ../../../../../libopencm3//lib/libopencm3_stm32f3.a(rcc.o)
 .text.rcc_usb_prescale_1
                0x0000000000000000       0x10 ../../../../../libopencm3//lib/libopencm3_stm32f3.a(rcc.o)
 .text          0x0000000000000000        0x0 ../../../../../libopencm3//lib/libopencm3_stm32f3.a(gpio.o)
 .data          0x0000000000000000        0x0 ../../../../../libopencm3//lib/libopencm3_stm32f3.a(gpio.o)
 .bss           0x0000000000000000        0x0 ../../../../../libopencm3//lib/libopencm3_stm32f3.a(gpio.o)
 .text.gpio_set_output_options
                0x0000000000000000       0x34 ../../../../../libopencm3//lib/libopencm3_stm32f3.a(gpio.o)
 .text.gpio_set
                0x0000000000000000        0x4 ../../../../../libopencm3//lib/libopencm3_stm32f3.a(gpio.o)
 .text.gpio_clear
                0x0000000000000000        0x6 ../../../../../libopencm3//lib/libopencm3_stm32f3.a(gpio.o)
 .text.gpio_get
                0x0000000000000000        0x6 ../../../../../libopencm3//lib/libopencm3_stm32f3.a(gpio.o)
 .text.gpio_toggle
                0x0000000000000000        0x8 ../../../../../libopencm3//lib/libopencm3_stm32f3.a(gpio.o)
 .text.gpio_port_read
                0x0000000000000000        0x6 ../../../../../libopencm3//lib/libopencm3_stm32f3.a(gpio.o)
 .text.gpio_port_config_lock
                0x0000000000000000       0x10 ../../../../../libopencm3//lib/libopencm3_stm32f3.a(gpio.o)
 .text          0x0000000000000000        0x0 ../../../../../libopencm3//lib/libopencm3_stm32f3.a(adc.o)
 .data          0x0000000000000000        0x0 ../../../../../libopencm3//lib/libopencm3_stm32f3.a(adc.o)
 .bss           0x0000000000000000        0x0 ../../../../../libopencm3//lib/libopencm3_stm32f3.a(adc.o)
 .text.adc_off  0x0000000000000000        0xa ../../../../../libopencm3//lib/libopencm3_stm32f3.a(adc.o)
 .text.adc_enable_analog_watchdog_regular
                0x0000000000000000        0xa ../../../../../libopencm3//lib/libopencm3_stm32f3.a(adc.o)
 .text.adc_disable_analog_watchdog_regular
                0x0000000000000000        0xa ../../../../../libopencm3//lib/libopencm3_stm32f3.a(adc.o)
 .text.adc_enable_analog_watchdog_injected
                0x0000000000000000        0xa ../../../../../libopencm3//lib/libopencm3_stm32f3.a(adc.o)
 .text.adc_disable_analog_watchdog_injected
                0x0000000000000000        0xa ../../../../../libopencm3//lib/libopencm3_stm32f3.a(adc.o)
 .text.adc_enable_discontinuous_mode_regular
                0x0000000000000000       0x18 ../../../../../libopencm3//lib/libopencm3_stm32f3.a(adc.o)
 .text.adc_disable_discontinuous_mode_regular
                0x0000000000000000        0xa ../../../../../libopencm3//lib/libopencm3_stm32f3.a(adc.o)
 .text.adc_enable_discontinuous_mode_injected
                0x0000000000000000        0xa ../../../../../libopencm3//lib/libopencm3_stm32f3.a(adc.o)
 .text.adc_disable_discontinuous_mode_injected
                0x0000000000000000        0xa ../../../../../libopencm3//lib/libopencm3_stm32f3.a(adc.o)
 .text.adc_disable_automatic_injected_group_conversion
                0x0000000000000000        0xa ../../../../../libopencm3//lib/libopencm3_stm32f3.a(adc.o)
 .text.adc_enable_analog_watchdog_on_all_channels
                0x0000000000000000        0xa ../../../../../libopencm3//lib/libopencm3_stm32f3.a(adc.o)
 .text.adc_enable_analog_watchdog_on_selected_channel
                0x0000000000000000       0x18 ../../../../../libopencm3//lib/libopencm3_stm32f3.a(adc.o)
 .text.adc_enable_eoc_interrupt_injected
                0x0000000000000000        0xa ../../../../../libopencm3//lib/libopencm3_stm32f3.a(adc.o)
 .text.adc_disable_eoc_interrupt_injected
                0x0000000000000000        0xa ../../../../../libopencm3//lib/libopencm3_stm32f3.a(adc.o)
 .text.adc_enable_all_awd_interrupt
                0x0000000000000000       0x1a ../../../../../libopencm3//lib/libopencm3_stm32f3.a(adc.o)
 .text.adc_disable_all_awd_interrupt
                0x0000000000000000       0x1a ../../../../../libopencm3//lib/libopencm3_stm32f3.a(adc.o)
 .text.adc_enable_eoc_interrupt
                0x0000000000000000        0xa ../../../../../libopencm3//lib/libopencm3_stm32f3.a(adc.o)
 .text.adc_disable_eoc_interrupt
                0x0000000000000000        0xa ../../../../../libopencm3//lib/libopencm3_stm32f3.a(adc.o)
 .text.adc_start_conversion_injected
                0x0000000000000000       0x14 ../../../../../libopencm3//lib/libopencm3_stm32f3.a(adc.o)
 .text.adc_set_left_aligned
                0x0000000000000000        0xa ../../../../../libopencm3//lib/libopencm3_stm32f3.a(adc.o)
 .text.adc_enable_dma
                0x0000000000000000        0xa ../../../../../libopencm3//lib/libopencm3_stm32f3.a(adc.o)
 .text.adc_disable_dma
                0x0000000000000000        0xa ../../../../../libopencm3//lib/libopencm3_stm32f3.a(adc.o)
 .text.adc_set_continuous_conversion_mode
                0x0000000000000000        0xa ../../../../../libopencm3//lib/libopencm3_stm32f3.a(adc.o)
 .text.adc_set_sample_time
                0x0000000000000000       0x38 ../../../../../libopencm3//lib/libopencm3_stm32f3.a(adc.o)
 .text.adc_set_watchdog_high_threshold
                0x0000000000000000        0xa ../../../../../libopencm3//lib/libopencm3_stm32f3.a(adc.o)
 .text.adc_set_watchdog_low_threshold
                0x0000000000000000        0x8 ../../../../../libopencm3//lib/libopencm3_stm32f3.a(adc.o)
 .text.adc_set_injected_sequence
                0x0000000000000000       0x2e ../../../../../libopencm3//lib/libopencm3_stm32f3.a(adc.o)
 .text.adc_eoc_injected
                0x0000000000000000        0x8 ../../../../../libopencm3//lib/libopencm3_stm32f3.a(adc.o)
 .text.adc_read_injected
                0x0000000000000000       0x2a ../../../../../libopencm3//lib/libopencm3_stm32f3.a(adc.o)
 .text.adc_set_injected_offset
                0x0000000000000000       0x4e ../../../../../libopencm3//lib/libopencm3_stm32f3.a(adc.o)
 .text.adc_set_multi_mode
                0x0000000000000000       0x10 ../../../../../libopencm3//lib/libopencm3_stm32f3.a(adc.o)
 .text.adc_enable_external_trigger_regular
                0x0000000000000000        0xe ../../../../../libopencm3//lib/libopencm3_stm32f3.a(adc.o)
 .text.adc_enable_external_trigger_injected
                0x0000000000000000        0xe ../../../../../libopencm3//lib/libopencm3_stm32f3.a(adc.o)
 .text.adc_disable_external_trigger_injected
                0x0000000000000000        0xa ../../../../../libopencm3//lib/libopencm3_stm32f3.a(adc.o)
 .text.adc_enable_automatic_injected_group_conversion
                0x0000000000000000       0x12 ../../../../../libopencm3//lib/libopencm3_stm32f3.a(adc.o)
 .text.adc_enable_overrun_interrupt
                0x0000000000000000        0xa ../../../../../libopencm3//lib/libopencm3_stm32f3.a(adc.o)
 .text.adc_disable_overrun_interrupt
                0x0000000000000000        0xa ../../../../../libopencm3//lib/libopencm3_stm32f3.a(adc.o)
 .text.adc_get_overrun_flag
                0x0000000000000000        0x8 ../../../../../libopencm3//lib/libopencm3_stm32f3.a(adc.o)
 .text.adc_clear_overrun_flag
                0x0000000000000000        0xa ../../../../../libopencm3//lib/libopencm3_stm32f3.a(adc.o)
 .text.adc_eoc_after_each
                0x0000000000000000        0xa ../../../../../libopencm3//lib/libopencm3_stm32f3.a(adc.o)
 .text.adc_eoc_after_group
                0x0000000000000000        0xa ../../../../../libopencm3//lib/libopencm3_stm32f3.a(adc.o)
 .text.adc_awd  0x0000000000000000       0x1e ../../../../../libopencm3//lib/libopencm3_stm32f3.a(adc.o)
 .text.adc_disable_temperature_sensor
                0x0000000000000000       0x10 ../../../../../libopencm3//lib/libopencm3_stm32f3.a(adc.o)
 .text          0x0000000000000000        0x0 ../../../../../libopencm3//lib/libopencm3_stm32f3.a(usart_common_all.o)
 .data          0x0000000000000000        0x0 ../../../../../libopencm3//lib/libopencm3_stm32f3.a(usart_common_all.o)
 .bss           0x0000000000000000        0x0 ../../../../../libopencm3//lib/libopencm3_stm32f3.a(usart_common_all.o)
 .text.usart_disable
                0x0000000000000000        0xa ../../../../../libopencm3//lib/libopencm3_stm32f3.a(usart_common_all.o)
 .text.usart_recv_blocking
                0x0000000000000000       0x12 ../../../../../libopencm3//lib/libopencm3_stm32f3.a(usart_common_all.o)
 .text.usart_enable_rx_dma
                0x0000000000000000        0xa ../../../../../libopencm3//lib/libopencm3_stm32f3.a(usart_common_all.o)
 .text.usart_disable_rx_dma
                0x0000000000000000        0xa ../../../../../libopencm3//lib/libopencm3_stm32f3.a(usart_common_all.o)
 .text.usart_enable_tx_dma
                0x0000000000000000        0xa ../../../../../libopencm3//lib/libopencm3_stm32f3.a(usart_common_all.o)
 .text.usart_disable_tx_dma
                0x0000000000000000        0xa ../../../../../libopencm3//lib/libopencm3_stm32f3.a(usart_common_all.o)
 .text.usart_enable_rx_interrupt
                0x0000000000000000        0xa ../../../../../libopencm3//lib/libopencm3_stm32f3.a(usart_common_all.o)
 .text.usart_disable_rx_interrupt
                0x0000000000000000        0xa ../../../../../libopencm3//lib/libopencm3_stm32f3.a(usart_common_all.o)
 .text.usart_enable_tx_interrupt
                0x0000000000000000        0xa ../../../../../libopencm3//lib/libopencm3_stm32f3.a(usart_common_all.o)
 .text.usart_disable_tx_interrupt
                0x0000000000000000        0xa ../../../../../libopencm3//lib/libopencm3_stm32f3.a(usart_common_all.o)
 .text.usart_enable_error_interrupt
                0x0000000000000000        0xa ../../../../../libopencm3//lib/libopencm3_stm32f3.a(usart_common_all.o)
 .text.usart_disable_error_interrupt
                0x0000000000000000        0xa ../../../../../libopencm3//lib/libopencm3_stm32f3.a(usart_common_all.o)
 .text          0x0000000000000000        0x0 ../../../../../libopencm3//lib/libopencm3_stm32f3.a(flash_common_f234.o)
 .data          0x0000000000000000        0x0 ../../../../../libopencm3//lib/libopencm3_stm32f3.a(flash_common_f234.o)
 .bss           0x0000000000000000        0x0 ../../../../../libopencm3//lib/libopencm3_stm32f3.a(flash_common_f234.o)
 .text.flash_unlock
                0x0000000000000000       0x24 ../../../../../libopencm3//lib/libopencm3_stm32f3.a(flash_common_f234.o)
 .text.flash_lock
                0x0000000000000000       0x10 ../../../../../libopencm3//lib/libopencm3_stm32f3.a(flash_common_f234.o)
 .text.flash_clear_pgperr_flag
                0x0000000000000000       0x10 ../../../../../libopencm3//lib/libopencm3_stm32f3.a(flash_common_f234.o)
 .text.flash_clear_eop_flag
                0x0000000000000000       0x10 ../../../../../libopencm3//lib/libopencm3_stm32f3.a(flash_common_f234.o)
 .text.flash_clear_bsy_flag
                0x0000000000000000       0x10 ../../../../../libopencm3//lib/libopencm3_stm32f3.a(flash_common_f234.o)
 .text.flash_wait_for_last_operation
                0x0000000000000000       0x10 ../../../../../libopencm3//lib/libopencm3_stm32f3.a(flash_common_f234.o)
 .text          0x0000000000000000        0x0 ../../../../../libopencm3//lib/libopencm3_stm32f3.a(rcc_common_all.o)
 .data          0x0000000000000000        0x0 ../../../../../libopencm3//lib/libopencm3_stm32f3.a(rcc_common_all.o)
 .bss           0x0000000000000000        0x0 ../../../../../libopencm3//lib/libopencm3_stm32f3.a(rcc_common_all.o)
 .text.rcc_peripheral_enable_clock
                0x0000000000000000        0x8 ../../../../../libopencm3//lib/libopencm3_stm32f3.a(rcc_common_all.o)
 .text.rcc_peripheral_disable_clock
                0x0000000000000000        0xa ../../../../../libopencm3//lib/libopencm3_stm32f3.a(rcc_common_all.o)
 .text.rcc_peripheral_reset
                0x0000000000000000        0x8 ../../../../../libopencm3//lib/libopencm3_stm32f3.a(rcc_common_all.o)
 .text.rcc_peripheral_clear_reset
                0x0000000000000000        0xa ../../../../../libopencm3//lib/libopencm3_stm32f3.a(rcc_common_all.o)
 .text.rcc_periph_clock_disable
                0x0000000000000000       0x1e ../../../../../libopencm3//lib/libopencm3_stm32f3.a(rcc_common_all.o)
 .text.rcc_periph_reset_pulse
                0x0000000000000000       0x24 ../../../../../libopencm3//lib/libopencm3_stm32f3.a(rcc_common_all.o)
 .text.rcc_periph_reset_hold
                0x0000000000000000       0x1c ../../../../../libopencm3//lib/libopencm3_stm32f3.a(rcc_common_all.o)
 .text.rcc_periph_reset_release
                0x0000000000000000       0x1e ../../../../../libopencm3//lib/libopencm3_stm32f3.a(rcc_common_all.o)
 .text          0x0000000000000000        0x0 ../../../../../libopencm3//lib/libopencm3_stm32f3.a(vector.o)
 .data          0x0000000000000000        0x0 ../../../../../libopencm3//lib/libopencm3_stm32f3.a(vector.o)
 .bss           0x0000000000000000        0x0 ../../../../../libopencm3//lib/libopencm3_stm32f3.a(vector.o)
 .text          0x0000000000000000        0x0 ../../../../../libopencm3//lib/libopencm3_stm32f3.a(assert.o)
 .data          0x0000000000000000        0x0 ../../../../../libopencm3//lib/libopencm3_stm32f3.a(assert.o)
 .bss           0x0000000000000000        0x0 ../../../../../libopencm3//lib/libopencm3_stm32f3.a(assert.o)
 .text.cm3_assert_failed
                0x0000000000000000        0x2 ../../../../../libopencm3//lib/libopencm3_stm32f3.a(assert.o)
 .text.cm3_assert_failed_verbose
                0x0000000000000000        0x6 ../../../../../libopencm3//lib/libopencm3_stm32f3.a(assert.o)
 .debug_info    0x0000000000000000       0xea ../../../../../libopencm3//lib/libopencm3_stm32f3.a(assert.o)
 .debug_abbrev  0x0000000000000000       0x86 ../../../../../libopencm3//lib/libopencm3_stm32f3.a(assert.o)
 .debug_loc     0x0000000000000000       0x84 ../../../../../libopencm3//lib/libopencm3_stm32f3.a(assert.o)
 .debug_aranges
                0x0000000000000000       0x28 ../../../../../libopencm3//lib/libopencm3_stm32f3.a(assert.o)
 .debug_ranges  0x0000000000000000       0x18 ../../../../../libopencm3//lib/libopencm3_stm32f3.a(assert.o)
 .debug_line    0x0000000000000000       0x53 ../../../../../libopencm3//lib/libopencm3_stm32f3.a(assert.o)
 .debug_str     0x0000000000000000      0x1eb ../../../../../libopencm3//lib/libopencm3_stm32f3.a(assert.o)
 .comment       0x0000000000000000       0x71 ../../../../../libopencm3//lib/libopencm3_stm32f3.a(assert.o)
 .ARM.attributes
                0x0000000000000000       0x39 ../../../../../libopencm3//lib/libopencm3_stm32f3.a(assert.o)
 .debug_frame   0x0000000000000000       0x38 ../../../../../libopencm3//lib/libopencm3_stm32f3.a(assert.o)
 .text          0x0000000000000000        0x0 ../../../../../libopencm3//lib/libopencm3_stm32f3.a(usart.o)
 .data          0x0000000000000000        0x0 ../../../../../libopencm3//lib/libopencm3_stm32f3.a(usart.o)
 .bss           0x0000000000000000        0x0 ../../../../../libopencm3//lib/libopencm3_stm32f3.a(usart.o)
 .text.usart_recv
                0x0000000000000000        0x8 ../../../../../libopencm3//lib/libopencm3_stm32f3.a(usart.o)
 .text.usart_wait_recv_ready
                0x0000000000000000        0x8 ../../../../../libopencm3//lib/libopencm3_stm32f3.a(usart.o)
 .text.usart_get_flag
                0x0000000000000000        0xc ../../../../../libopencm3//lib/libopencm3_stm32f3.a(usart.o)
 .text.usart_get_interrupt_source
                0x0000000000000000       0x30 ../../../../../libopencm3//lib/libopencm3_stm32f3.a(usart.o)

Memory Configuration

Name             Origin             Length             Attributes
rom              0x0000000008000000 0x0000000000040000 xr
ram              0x0000000020000000 0x000000000000a000 xrw
*default*        0x0000000000000000 0xffffffffffffffff

Linker script and memory map

LOAD adc.o
LOAD ../../../../../libopencm3//lib/libopencm3_stm32f3.a
START GROUP
LOAD /usr/bin/../lib/gcc/arm-none-eabi/4.8.3/../../../../arm-none-eabi/lib/armv7e-m/fpu/libc.a
LOAD /usr/bin/../lib/gcc/arm-none-eabi/4.8.3/armv7e-m/fpu/libgcc.a
LOAD /usr/bin/../lib/gcc/arm-none-eabi/4.8.3/../../../../arm-none-eabi/lib/armv7e-m/fpu/libnosys.a
END GROUP
START GROUP
LOAD /usr/bin/../lib/gcc/arm-none-eabi/4.8.3/armv7e-m/fpu/libgcc.a
LOAD /usr/bin/../lib/gcc/arm-none-eabi/4.8.3/../../../../arm-none-eabi/lib/armv7e-m/fpu/libc.a
END GROUP

.text           0x0000000008000000      0x914
 *(.vectors)
 .vectors       0x0000000008000000      0x184 ../../../../../libopencm3//lib/libopencm3_stm32f3.a(vector.o)
                0x0000000008000000                vector_table
 *(.text*)
 .text.startup.main
                0x0000000008000184      0x1bc adc.o
                0x0000000008000184                main
 .text.rcc_wait_for_osc_ready
                0x0000000008000340       0x4c ../../../../../libopencm3//lib/libopencm3_stm32f3.a(rcc.o)
                0x0000000008000340                rcc_wait_for_osc_ready
 .text.rcc_wait_for_osc_not_ready
                0x000000000800038c       0x4c ../../../../../libopencm3//lib/libopencm3_stm32f3.a(rcc.o)
                0x000000000800038c                rcc_wait_for_osc_not_ready
 .text.rcc_wait_for_sysclk_status
                0x00000000080003d8       0x38 ../../../../../libopencm3//lib/libopencm3_stm32f3.a(rcc.o)
                0x00000000080003d8                rcc_wait_for_sysclk_status
 .text.rcc_osc_on
                0x0000000008000410       0x44 ../../../../../libopencm3//lib/libopencm3_stm32f3.a(rcc.o)
                0x0000000008000410                rcc_osc_on
 .text.rcc_osc_off
                0x0000000008000454       0x44 ../../../../../libopencm3//lib/libopencm3_stm32f3.a(rcc.o)
                0x0000000008000454                rcc_osc_off
 .text.rcc_set_sysclk_source
                0x0000000008000498       0x14 ../../../../../libopencm3//lib/libopencm3_stm32f3.a(rcc.o)
                0x0000000008000498                rcc_set_sysclk_source
 .text.rcc_set_pll_source
                0x00000000080004ac       0x14 ../../../../../libopencm3//lib/libopencm3_stm32f3.a(rcc.o)
                0x00000000080004ac                rcc_set_pll_source
 .text.rcc_set_ppre2
                0x00000000080004c0       0x14 ../../../../../libopencm3//lib/libopencm3_stm32f3.a(rcc.o)
                0x00000000080004c0                rcc_set_ppre2
 .text.rcc_set_ppre1
                0x00000000080004d4       0x14 ../../../../../libopencm3//lib/libopencm3_stm32f3.a(rcc.o)
                0x00000000080004d4                rcc_set_ppre1
 .text.rcc_set_hpre
                0x00000000080004e8       0x14 ../../../../../libopencm3//lib/libopencm3_stm32f3.a(rcc.o)
                0x00000000080004e8                rcc_set_hpre
 .text.rcc_set_main_pll_hsi
                0x00000000080004fc       0x14 ../../../../../libopencm3//lib/libopencm3_stm32f3.a(rcc.o)
                0x00000000080004fc                rcc_set_main_pll_hsi
 .text.rcc_clock_setup_hsi
                0x0000000008000510       0x8c ../../../../../libopencm3//lib/libopencm3_stm32f3.a(rcc.o)
                0x0000000008000510                rcc_clock_setup_hsi
 .text.gpio_mode_setup
                0x000000000800059c       0x44 ../../../../../libopencm3//lib/libopencm3_stm32f3.a(gpio.o)
                0x000000000800059c                gpio_mode_setup
 .text.gpio_set_af
                0x00000000080005e0       0x50 ../../../../../libopencm3//lib/libopencm3_stm32f3.a(gpio.o)
                0x00000000080005e0                gpio_set_af
 .text.gpio_port_write
                0x0000000008000630        0x4 ../../../../../libopencm3//lib/libopencm3_stm32f3.a(gpio.o)
                0x0000000008000630                gpio_port_write
 .text.adc_start_conversion_regular
                0x0000000008000634       0x14 ../../../../../libopencm3//lib/libopencm3_stm32f3.a(adc.o)
                0x0000000008000634                adc_start_conversion_regular
 .text.adc_set_right_aligned
                0x0000000008000648        0xa ../../../../../libopencm3//lib/libopencm3_stm32f3.a(adc.o)
                0x0000000008000648                adc_set_right_aligned
 .text.adc_set_single_conversion_mode
                0x0000000008000652        0xa ../../../../../libopencm3//lib/libopencm3_stm32f3.a(adc.o)
                0x0000000008000652                adc_set_single_conversion_mode
 .text.adc_set_sample_time_on_all_channels
                0x000000000800065c       0x2a ../../../../../libopencm3//lib/libopencm3_stm32f3.a(adc.o)
                0x000000000800065c                adc_set_sample_time_on_all_channels
 .text.adc_set_regular_sequence
                0x0000000008000686       0x94 ../../../../../libopencm3//lib/libopencm3_stm32f3.a(adc.o)
                0x0000000008000686                adc_set_regular_sequence
 .text.adc_eoc  0x000000000800071a        0x8 ../../../../../libopencm3//lib/libopencm3_stm32f3.a(adc.o)
                0x000000000800071a                adc_eoc
 .text.adc_read_regular
                0x0000000008000722        0x4 ../../../../../libopencm3//lib/libopencm3_stm32f3.a(adc.o)
                0x0000000008000722                adc_read_regular
 .text.adc_power_on
                0x0000000008000726        0xa ../../../../../libopencm3//lib/libopencm3_stm32f3.a(adc.o)
                0x0000000008000726                adc_power_on
 .text.adc_set_clk_prescale
                0x0000000008000730       0x14 ../../../../../libopencm3//lib/libopencm3_stm32f3.a(adc.o)
                0x0000000008000730                adc_set_clk_prescale
 .text.adc_disable_external_trigger_regular
                0x0000000008000744        0xa ../../../../../libopencm3//lib/libopencm3_stm32f3.a(adc.o)
                0x0000000008000744                adc_disable_external_trigger_regular
 .text.adc_set_resolution
                0x000000000800074e        0xc ../../../../../libopencm3//lib/libopencm3_stm32f3.a(adc.o)
                0x000000000800074e                adc_set_resolution
 *fill*         0x000000000800075a        0x2 
 .text.adc_enable_temperature_sensor
                0x000000000800075c       0x10 ../../../../../libopencm3//lib/libopencm3_stm32f3.a(adc.o)
                0x000000000800075c                adc_enable_temperature_sensor
 .text.usart_set_baudrate
                0x000000000800076c       0x28 ../../../../../libopencm3//lib/libopencm3_stm32f3.a(usart_common_all.o)
                0x000000000800076c                usart_set_baudrate
 .text.usart_set_databits
                0x0000000008000794       0x12 ../../../../../libopencm3//lib/libopencm3_stm32f3.a(usart_common_all.o)
                0x0000000008000794                usart_set_databits
 .text.usart_set_stopbits
                0x00000000080007a6        0xc ../../../../../libopencm3//lib/libopencm3_stm32f3.a(usart_common_all.o)
                0x00000000080007a6                usart_set_stopbits
 .text.usart_set_parity
                0x00000000080007b2        0xc ../../../../../libopencm3//lib/libopencm3_stm32f3.a(usart_common_all.o)
                0x00000000080007b2                usart_set_parity
 .text.usart_set_mode
                0x00000000080007be        0xc ../../../../../libopencm3//lib/libopencm3_stm32f3.a(usart_common_all.o)
                0x00000000080007be                usart_set_mode
 .text.usart_set_flow_control
                0x00000000080007ca        0xc ../../../../../libopencm3//lib/libopencm3_stm32f3.a(usart_common_all.o)
                0x00000000080007ca                usart_set_flow_control
 .text.usart_enable
                0x00000000080007d6        0xa ../../../../../libopencm3//lib/libopencm3_stm32f3.a(usart_common_all.o)
                0x00000000080007d6                usart_enable
 .text.usart_send_blocking
                0x00000000080007e0       0x16 ../../../../../libopencm3//lib/libopencm3_stm32f3.a(usart_common_all.o)
                0x00000000080007e0                usart_send_blocking
 *fill*         0x00000000080007f6        0x2 
 .text.flash_set_ws
                0x00000000080007f8       0x14 ../../../../../libopencm3//lib/libopencm3_stm32f3.a(flash_common_f234.o)
                0x00000000080007f8                flash_set_ws
 .text.rcc_periph_clock_enable
                0x000000000800080c       0x1c ../../../../../libopencm3//lib/libopencm3_stm32f3.a(rcc_common_all.o)
                0x000000000800080c                rcc_periph_clock_enable
 .text.blocking_handler
                0x0000000008000828        0x2 ../../../../../libopencm3//lib/libopencm3_stm32f3.a(vector.o)
                0x0000000008000828                exti0_isr
                0x0000000008000828                i2c2_ev_exti24_isr
                0x0000000008000828                usb_hp_isr
                0x0000000008000828                tim7_isr
                0x0000000008000828                reserved_12_isr
                0x0000000008000828                adc1_2_isr
                0x0000000008000828                reserved_11_isr
                0x0000000008000828                reserved_7_isr
                0x0000000008000828                reserved_13_isr
                0x0000000008000828                blocking_handler
                0x0000000008000828                rtc_wkup_isr
                0x0000000008000828                tim1_up_tim16_isr
                0x0000000008000828                spi1_isr
                0x0000000008000828                dma1_channel6_isr
                0x0000000008000828                reserved_5_isr
                0x0000000008000828                dma1_channel5_isr
                0x0000000008000828                dma2_channel5_isr
                0x0000000008000828                tamp_stamp_isr
                0x0000000008000828                can1_rx1_isr
                0x0000000008000828                usage_fault_handler
                0x0000000008000828                tim8_trg_com_isr
                0x0000000008000828                i2c1_ev_exti23_isr
                0x0000000008000828                tim1_trg_com_tim17_isr
                0x0000000008000828                reserved_15_isr
                0x0000000008000828                usb_wkup_isr
                0x0000000008000828                can1_sce_isr
                0x0000000008000828                reserved_3_isr
                0x0000000008000828                tim1_cc_isr
                0x0000000008000828                eth_isr
                0x0000000008000828                reserved_14_isr
                0x0000000008000828                dma1_channel4_isr
                0x0000000008000828                tim8_brk_isr
                0x0000000008000828                dma2_channel4_isr
                0x0000000008000828                pvd_isr
                0x0000000008000828                comp123_isr
                0x0000000008000828                comp456_isr
                0x0000000008000828                rcc_isr
                0x0000000008000828                reserved_8_isr
                0x0000000008000828                flash_isr
                0x0000000008000828                rtc_alarm_isr
                0x0000000008000828                reserved_2_isr
                0x0000000008000828                exti15_10_isr
                0x0000000008000828                hard_fault_handler
                0x0000000008000828                exti1_isr
                0x0000000008000828                dma2_channel1_isr
                0x0000000008000828                spi2_isr
                0x0000000008000828                reserved_9_isr
                0x0000000008000828                nvic_wwdg_isr
                0x0000000008000828                tim8_up_isr
                0x0000000008000828                usart1_exti25_isr
                0x0000000008000828                dma2_channel2_isr
                0x0000000008000828                adc3_isr
                0x0000000008000828                exti3_isr
                0x0000000008000828                tim3_isr
                0x0000000008000828                i2c2_er_isr
                0x0000000008000828                reserved_1_isr
                0x0000000008000828                dma1_channel1_isr
                0x0000000008000828                exti4_isr
                0x0000000008000828                tim6_dac_isr
                0x0000000008000828                mem_manage_handler
                0x0000000008000828                exti9_5_isr
                0x0000000008000828                dma2_channel3_isr
                0x0000000008000828                usb_hp_can1_tx_isr
                0x0000000008000828                dma1_channel7_isr
                0x0000000008000828                usart3_exti28_isr
                0x0000000008000828                reserved_6_isr
                0x0000000008000828                tim4_isr
                0x0000000008000828                usb_lp_can1_rx0_isr
                0x0000000008000828                dma1_channel2_isr
                0x0000000008000828                i2c1_er_isr
                0x0000000008000828                tim8_cc_isr
                0x0000000008000828                comp7_isr
                0x0000000008000828                uart5_exti35_isr
                0x0000000008000828                reserved_4_isr
                0x0000000008000828                bus_fault_handler
                0x0000000008000828                tim1_brk_tim15_isr
                0x0000000008000828                dma1_channel3_isr
                0x0000000008000828                uart4_exti34_isr
                0x0000000008000828                usart2_exti26_isr
                0x0000000008000828                spi3_isr
                0x0000000008000828                reserved_10_isr
                0x0000000008000828                tim2_isr
                0x0000000008000828                reserved_16_isr
                0x0000000008000828                exti2_tsc_isr
                0x0000000008000828                usb_wkup_a_isr
                0x0000000008000828                usb_lp_isr
 .text.null_handler
                0x000000000800082a        0x2 ../../../../../libopencm3//lib/libopencm3_stm32f3.a(vector.o)
                0x000000000800082a                null_handler
                0x000000000800082a                sv_call_handler
                0x000000000800082a                pend_sv_handler
                0x000000000800082a                debug_monitor_handler
                0x000000000800082a                sys_tick_handler
                0x000000000800082a                nmi_handler
 .text.reset_handler
                0x000000000800082c       0x90 ../../../../../libopencm3//lib/libopencm3_stm32f3.a(vector.o)
                0x000000000800082c                reset_handler
 .text.usart_send
                0x00000000080008bc        0x8 ../../../../../libopencm3//lib/libopencm3_stm32f3.a(usart.o)
                0x00000000080008bc                usart_send
 .text.usart_wait_send_ready
                0x00000000080008c4        0x8 ../../../../../libopencm3//lib/libopencm3_stm32f3.a(usart.o)
                0x00000000080008c4                usart_wait_send_ready
                0x00000000080008cc                . = ALIGN (0x4)
 *(.rodata*)
 .rodata.str1.1
                0x00000000080008cc        0xb adc.o
 *fill*         0x00000000080008d7        0x1 
 .rodata.hsi_8mhz
                0x00000000080008d8       0x3c ../../../../../libopencm3//lib/libopencm3_stm32f3.a(rcc.o)
                0x00000000080008d8                hsi_8mhz
                0x0000000008000914                . = ALIGN (0x4)

.glue_7         0x0000000008000914        0x0
 .glue_7        0x0000000000000000        0x0 linker stubs

.glue_7t        0x0000000008000914        0x0
 .glue_7t       0x0000000000000000        0x0 linker stubs

.vfp11_veneer   0x0000000008000914        0x0
 .vfp11_veneer  0x0000000000000000        0x0 linker stubs

.v4_bx          0x0000000008000914        0x0
 .v4_bx         0x0000000000000000        0x0 linker stubs

.iplt           0x0000000008000914        0x0
 .iplt          0x0000000000000000        0x0 adc.o

.rel.dyn        0x0000000008000914        0x0
 .rel.iplt      0x0000000000000000        0x0 adc.o

.preinit_array  0x0000000008000914        0x0
                0x0000000008000914                . = ALIGN (0x4)
                0x0000000008000914                __preinit_array_start = .
 *(.preinit_array)
                0x0000000008000914                __preinit_array_end = .

.init_array     0x0000000008000914        0x0
                0x0000000008000914                . = ALIGN (0x4)
                0x0000000008000914                __init_array_start = .
 *(SORT(.init_array.*))
 *(.init_array)
                0x0000000008000914                __init_array_end = .

.fini_array     0x0000000008000914        0x0
                0x0000000008000914                . = ALIGN (0x4)
                0x0000000008000914                __fini_array_start = .
 *(.fini_array)
 *(SORT(.fini_array.*))
                0x0000000008000914                __fini_array_end = .

.ARM.extab
 *(.ARM.extab*)

.ARM.exidx      0x0000000008000914        0x0
                0x0000000008000914                __exidx_start = .
 *(.ARM.exidx*)
                0x0000000008000914                __exidx_end = .
                0x0000000008000914                . = ALIGN (0x4)
                0x0000000008000914                _etext = .

.data           0x0000000020000000        0x8 load address 0x0000000008000914
                0x0000000020000000                _data = .
 *(.data*)
 .data.rcc_ppre1_frequency
                0x0000000020000000        0x4 ../../../../../libopencm3//lib/libopencm3_stm32f3.a(rcc.o)
                0x0000000020000000                rcc_ppre1_frequency
 .data.rcc_ppre2_frequency
                0x0000000020000004        0x4 ../../../../../libopencm3//lib/libopencm3_stm32f3.a(rcc.o)
                0x0000000020000004                rcc_ppre2_frequency
                0x0000000020000008                . = ALIGN (0x4)
                0x0000000020000008                _edata = .
                0x0000000008000914                _data_loadaddr = LOADADDR (.data)

.igot.plt       0x0000000020000008        0x0 load address 0x000000000800091c
 .igot.plt      0x0000000000000000        0x0 adc.o

.bss            0x0000000020000008        0x0 load address 0x000000000800091c
 *(.bss*)
 *(COMMON)
                0x0000000020000008                . = ALIGN (0x4)
                0x0000000020000008                _ebss = .

/DISCARD/
 *(.eh_frame)
                0x0000000020000008                . = ALIGN (0x4)
                0x0000000020000008                end = .
                0x000000002000a000                PROVIDE (_stack, (ORIGIN (ram) + 0xa000))
OUTPUT(adc.elf elf32-littlearm)

.debug_info     0x0000000000000000     0x2f53
 .debug_info    0x0000000000000000      0xa6b adc.o
 .debug_info    0x0000000000000a6b      0x76a ../../../../../libopencm3//lib/libopencm3_stm32f3.a(rcc.o)
 .debug_info    0x00000000000011d5      0x36e ../../../../../libopencm3//lib/libopencm3_stm32f3.a(gpio.o)
 .debug_info    0x0000000000001543      0xacf ../../../../../libopencm3//lib/libopencm3_stm32f3.a(adc.o)
 .debug_info    0x0000000000002012      0x4cb ../../../../../libopencm3//lib/libopencm3_stm32f3.a(usart_common_all.o)
 .debug_info    0x00000000000024dd      0x11b ../../../../../libopencm3//lib/libopencm3_stm32f3.a(flash_common_f234.o)
 .debug_info    0x00000000000025f8      0x4f5 ../../../../../libopencm3//lib/libopencm3_stm32f3.a(rcc_common_all.o)
 .debug_info    0x0000000000002aed      0x2af ../../../../../libopencm3//lib/libopencm3_stm32f3.a(vector.o)
 .debug_info    0x0000000000002d9c      0x1b7 ../../../../../libopencm3//lib/libopencm3_stm32f3.a(usart.o)

.debug_abbrev   0x0000000000000000      0xb88
 .debug_abbrev  0x0000000000000000      0x20c adc.o
 .debug_abbrev  0x000000000000020c      0x2a6 ../../../../../libopencm3//lib/libopencm3_stm32f3.a(rcc.o)
 .debug_abbrev  0x00000000000004b2      0x129 ../../../../../libopencm3//lib/libopencm3_stm32f3.a(gpio.o)
 .debug_abbrev  0x00000000000005db      0x155 ../../../../../libopencm3//lib/libopencm3_stm32f3.a(adc.o)
 .debug_abbrev  0x0000000000000730      0x128 ../../../../../libopencm3//lib/libopencm3_stm32f3.a(usart_common_all.o)
 .debug_abbrev  0x0000000000000858       0x87 ../../../../../libopencm3//lib/libopencm3_stm32f3.a(flash_common_f234.o)
 .debug_abbrev  0x00000000000008df       0xbe ../../../../../libopencm3//lib/libopencm3_stm32f3.a(rcc_common_all.o)
 .debug_abbrev  0x000000000000099d      0x137 ../../../../../libopencm3//lib/libopencm3_stm32f3.a(vector.o)
 .debug_abbrev  0x0000000000000ad4       0xb4 ../../../../../libopencm3//lib/libopencm3_stm32f3.a(usart.o)

.debug_loc      0x0000000000000000      0xfdb
 .debug_loc     0x0000000000000000       0xfe adc.o
 .debug_loc     0x00000000000000fe      0x2b1 ../../../../../libopencm3//lib/libopencm3_stm32f3.a(rcc.o)
 .debug_loc     0x00000000000003af      0x195 ../../../../../libopencm3//lib/libopencm3_stm32f3.a(gpio.o)
 .debug_loc     0x0000000000000544      0x59c ../../../../../libopencm3//lib/libopencm3_stm32f3.a(adc.o)
 .debug_loc     0x0000000000000ae0      0x1ca ../../../../../libopencm3//lib/libopencm3_stm32f3.a(usart_common_all.o)
 .debug_loc     0x0000000000000caa       0x3f ../../../../../libopencm3//lib/libopencm3_stm32f3.a(flash_common_f234.o)
 .debug_loc     0x0000000000000ce9      0x129 ../../../../../libopencm3//lib/libopencm3_stm32f3.a(rcc_common_all.o)
 .debug_loc     0x0000000000000e12       0xf5 ../../../../../libopencm3//lib/libopencm3_stm32f3.a(vector.o)
 .debug_loc     0x0000000000000f07       0xd4 ../../../../../libopencm3//lib/libopencm3_stm32f3.a(usart.o)

.debug_aranges  0x0000000000000000      0x538
 .debug_aranges
                0x0000000000000000       0x20 adc.o
 .debug_aranges
                0x0000000000000020      0x100 ../../../../../libopencm3//lib/libopencm3_stm32f3.a(rcc.o)
 .debug_aranges
                0x0000000000000120       0x68 ../../../../../libopencm3//lib/libopencm3_stm32f3.a(gpio.o)
 .debug_aranges
                0x0000000000000188      0x1d0 ../../../../../libopencm3//lib/libopencm3_stm32f3.a(adc.o)
 .debug_aranges
                0x0000000000000358       0xb8 ../../../../../libopencm3//lib/libopencm3_stm32f3.a(usart_common_all.o)
 .debug_aranges
                0x0000000000000410       0x50 ../../../../../libopencm3//lib/libopencm3_stm32f3.a(flash_common_f234.o)
 .debug_aranges
                0x0000000000000460       0x60 ../../../../../libopencm3//lib/libopencm3_stm32f3.a(rcc_common_all.o)
 .debug_aranges
                0x00000000000004c0       0x30 ../../../../../libopencm3//lib/libopencm3_stm32f3.a(vector.o)
 .debug_aranges
                0x00000000000004f0       0x48 ../../../../../libopencm3//lib/libopencm3_stm32f3.a(usart.o)

.debug_ranges   0x0000000000000000      0x510
 .debug_ranges  0x0000000000000000       0x60 adc.o
 .debug_ranges  0x0000000000000060       0xf0 ../../../../../libopencm3//lib/libopencm3_stm32f3.a(rcc.o)
 .debug_ranges  0x0000000000000150       0x58 ../../../../../libopencm3//lib/libopencm3_stm32f3.a(gpio.o)
 .debug_ranges  0x00000000000001a8      0x1c0 ../../../../../libopencm3//lib/libopencm3_stm32f3.a(adc.o)
 .debug_ranges  0x0000000000000368       0xa8 ../../../../../libopencm3//lib/libopencm3_stm32f3.a(usart_common_all.o)
 .debug_ranges  0x0000000000000410       0x40 ../../../../../libopencm3//lib/libopencm3_stm32f3.a(flash_common_f234.o)
 .debug_ranges  0x0000000000000450       0x50 ../../../../../libopencm3//lib/libopencm3_stm32f3.a(rcc_common_all.o)
 .debug_ranges  0x00000000000004a0       0x38 ../../../../../libopencm3//lib/libopencm3_stm32f3.a(vector.o)
 .debug_ranges  0x00000000000004d8       0x38 ../../../../../libopencm3//lib/libopencm3_stm32f3.a(usart.o)

.debug_line     0x0000000000000000     0x12f9
 .debug_line    0x0000000000000000      0x1b7 adc.o
 .debug_line    0x00000000000001b7      0x39b ../../../../../libopencm3//lib/libopencm3_stm32f3.a(rcc.o)
 .debug_line    0x0000000000000552      0x163 ../../../../../libopencm3//lib/libopencm3_stm32f3.a(gpio.o)
 .debug_line    0x00000000000006b5      0x4db ../../../../../libopencm3//lib/libopencm3_stm32f3.a(adc.o)
 .debug_line    0x0000000000000b90      0x27d ../../../../../libopencm3//lib/libopencm3_stm32f3.a(usart_common_all.o)
 .debug_line    0x0000000000000e0d      0x11c ../../../../../libopencm3//lib/libopencm3_stm32f3.a(flash_common_f234.o)
 .debug_line    0x0000000000000f29      0x15f ../../../../../libopencm3//lib/libopencm3_stm32f3.a(rcc_common_all.o)
 .debug_line    0x0000000000001088      0x167 ../../../../../libopencm3//lib/libopencm3_stm32f3.a(vector.o)
 .debug_line    0x00000000000011ef      0x10a ../../../../../libopencm3//lib/libopencm3_stm32f3.a(usart.o)

.debug_str      0x0000000000000000     0x1707
 .debug_str     0x0000000000000000      0x6c1 adc.o
                                        0x73f (size before relaxing)
 .debug_str     0x00000000000006c1      0x394 ../../../../../libopencm3//lib/libopencm3_stm32f3.a(rcc.o)
                                        0x4fe (size before relaxing)
 .debug_str     0x0000000000000a55       0xbf ../../../../../libopencm3//lib/libopencm3_stm32f3.a(gpio.o)
                                        0x2c1 (size before relaxing)
 .debug_str     0x0000000000000b14      0x52c ../../../../../libopencm3//lib/libopencm3_stm32f3.a(adc.o)
                                        0x85b (size before relaxing)
 .debug_str     0x0000000000001040      0x189 ../../../../../libopencm3//lib/libopencm3_stm32f3.a(usart_common_all.o)
                                        0x427 (size before relaxing)
 .debug_str     0x00000000000011c9       0x96 ../../../../../libopencm3//lib/libopencm3_stm32f3.a(flash_common_f234.o)
                                        0x249 (size before relaxing)
 .debug_str     0x000000000000125f      0x2c2 ../../../../../libopencm3//lib/libopencm3_stm32f3.a(rcc_common_all.o)
                                        0x6a4 (size before relaxing)
 .debug_str     0x0000000000001521      0x1ab ../../../../../libopencm3//lib/libopencm3_stm32f3.a(vector.o)
                                        0x35f (size before relaxing)
 .debug_str     0x00000000000016cc       0x3b ../../../../../libopencm3//lib/libopencm3_stm32f3.a(usart.o)
                                        0x247 (size before relaxing)

.comment        0x0000000000000000       0x70
 .comment       0x0000000000000000       0x70 adc.o
                                         0x71 (size before relaxing)
 .comment       0x0000000000000000       0x71 ../../../../../libopencm3//lib/libopencm3_stm32f3.a(rcc.o)
 .comment       0x0000000000000000       0x71 ../../../../../libopencm3//lib/libopencm3_stm32f3.a(gpio.o)
 .comment       0x0000000000000000       0x71 ../../../../../libopencm3//lib/libopencm3_stm32f3.a(adc.o)
 .comment       0x0000000000000000       0x71 ../../../../../libopencm3//lib/libopencm3_stm32f3.a(usart_common_all.o)
 .comment       0x0000000000000000       0x71 ../../../../../libopencm3//lib/libopencm3_stm32f3.a(flash_common_f234.o)
 .comment       0x0000000000000000       0x71 ../../../../../libopencm3//lib/libopencm3_stm32f3.a(rcc_common_all.o)
 .comment       0x0000000000000000       0x71 ../../../../../libopencm3//lib/libopencm3_stm32f3.a(vector.o)
 .comment       0x0000000000000000       0x71 ../../../../../libopencm3//lib/libopencm3_stm32f3.a(usart.o)

.ARM.attributes
                0x0000000000000000       0x39
 .ARM.attributes
                0x0000000000000000       0x39 adc.o
 .ARM.attributes
                0x0000000000000039       0x39 ../../../../../libopencm3//lib/libopencm3_stm32f3.a(rcc.o)
 .ARM.attributes
                0x0000000000000072       0x39 ../../../../../libopencm3//lib/libopencm3_stm32f3.a(gpio.o)
 .ARM.attributes
                0x00000000000000ab       0x39 ../../../../../libopencm3//lib/libopencm3_stm32f3.a(adc.o)
 .ARM.attributes
                0x00000000000000e4       0x39 ../../../../../libopencm3//lib/libopencm3_stm32f3.a(usart_common_all.o)
 .ARM.attributes
                0x000000000000011d       0x39 ../../../../../libopencm3//lib/libopencm3_stm32f3.a(flash_common_f234.o)
 .ARM.attributes
                0x0000000000000156       0x39 ../../../../../libopencm3//lib/libopencm3_stm32f3.a(rcc_common_all.o)
 .ARM.attributes
                0x000000000000018f       0x39 ../../../../../libopencm3//lib/libopencm3_stm32f3.a(vector.o)
 .ARM.attributes
                0x00000000000001c8       0x39 ../../../../../libopencm3//lib/libopencm3_stm32f3.a(usart.o)

.debug_frame    0x0000000000000000      0x9e4
 .debug_frame   0x0000000000000000       0x2c adc.o
 .debug_frame   0x000000000000002c      0x1f0 ../../../../../libopencm3//lib/libopencm3_stm32f3.a(rcc.o)
 .debug_frame   0x000000000000021c       0xdc ../../../../../libopencm3//lib/libopencm3_stm32f3.a(gpio.o)
 .debug_frame   0x00000000000002f8      0x3b8 ../../../../../libopencm3//lib/libopencm3_stm32f3.a(adc.o)
 .debug_frame   0x00000000000006b0      0x164 ../../../../../libopencm3//lib/libopencm3_stm32f3.a(usart_common_all.o)
 .debug_frame   0x0000000000000814       0x80 ../../../../../libopencm3//lib/libopencm3_stm32f3.a(flash_common_f234.o)
 .debug_frame   0x0000000000000894       0xa0 ../../../../../libopencm3//lib/libopencm3_stm32f3.a(rcc_common_all.o)
 .debug_frame   0x0000000000000934       0x40 ../../../../../libopencm3//lib/libopencm3_stm32f3.a(vector.o)
 .debug_frame   0x0000000000000974       0x70 ../../../../../libopencm3//lib/libopencm3_stm32f3.a(usart.o)
