Archive member included because of file (symbol)

../libopencm3//lib/libopencm3_stm32f3.a(rcc.o)
                              khath.o (rcc_clock_setup_hsi)
../libopencm3//lib/libopencm3_stm32f3.a(gpio.o)
                              khath.o (gpio_mode_setup)
../libopencm3//lib/libopencm3_stm32f3.a(flash_common_f234.o)
                              ../libopencm3//lib/libopencm3_stm32f3.a(rcc.o) (flash_set_ws)
../libopencm3//lib/libopencm3_stm32f3.a(rcc_common_all.o)
                              khath.o (rcc_periph_clock_enable)
../libopencm3//lib/libopencm3_stm32f3.a(vector.o)
                              (reset_handler)
../libopencm3//lib/libopencm3_stm32f3.a(assert.o)
                              ../libopencm3//lib/libopencm3_stm32f3.a(rcc.o) (cm3_assert_failed)

Discarded input sections

 .text          0x0000000000000000        0x0 khath.o
 .data          0x0000000000000000        0x0 khath.o
 .bss           0x0000000000000000        0x0 khath.o
 .text          0x0000000000000000        0x0 ../libopencm3//lib/libopencm3_stm32f3.a(rcc.o)
 .data          0x0000000000000000        0x0 ../libopencm3//lib/libopencm3_stm32f3.a(rcc.o)
 .bss           0x0000000000000000        0x0 ../libopencm3//lib/libopencm3_stm32f3.a(rcc.o)
 .text.rcc_osc_ready_int_clear
                0x0000000000000000       0x48 ../libopencm3//lib/libopencm3_stm32f3.a(rcc.o)
 .text.rcc_osc_ready_int_enable
                0x0000000000000000       0x48 ../libopencm3//lib/libopencm3_stm32f3.a(rcc.o)
 .text.rcc_osc_ready_int_disable
                0x0000000000000000       0x48 ../libopencm3//lib/libopencm3_stm32f3.a(rcc.o)
 .text.rcc_osc_ready_int_flag
                0x0000000000000000       0x44 ../libopencm3//lib/libopencm3_stm32f3.a(rcc.o)
 .text.rcc_css_int_clear
                0x0000000000000000       0x10 ../libopencm3//lib/libopencm3_stm32f3.a(rcc.o)
 .text.rcc_css_int_flag
                0x0000000000000000       0x10 ../libopencm3//lib/libopencm3_stm32f3.a(rcc.o)
 .text.rcc_css_enable
                0x0000000000000000       0x10 ../libopencm3//lib/libopencm3_stm32f3.a(rcc.o)
 .text.rcc_css_disable
                0x0000000000000000       0x10 ../libopencm3//lib/libopencm3_stm32f3.a(rcc.o)
 .text.rcc_osc_bypass_enable
                0x0000000000000000       0x28 ../libopencm3//lib/libopencm3_stm32f3.a(rcc.o)
 .text.rcc_osc_bypass_disable
                0x0000000000000000       0x28 ../libopencm3//lib/libopencm3_stm32f3.a(rcc.o)
 .text.rcc_get_system_clock_source
                0x0000000000000000       0x10 ../libopencm3//lib/libopencm3_stm32f3.a(rcc.o)
 .text.rcc_backupdomain_reset
                0x0000000000000000       0x18 ../libopencm3//lib/libopencm3_stm32f3.a(rcc.o)
 .text.rcc_set_i2c_clock_hsi
                0x0000000000000000       0x34 ../libopencm3//lib/libopencm3_stm32f3.a(rcc.o)
 .text.rcc_set_i2c_clock_sysclk
                0x0000000000000000       0x34 ../libopencm3//lib/libopencm3_stm32f3.a(rcc.o)
 .text.rcc_get_i2c_clocks
                0x0000000000000000       0x10 ../libopencm3//lib/libopencm3_stm32f3.a(rcc.o)
 .text.rcc_usb_prescale_1_5
                0x0000000000000000       0x10 ../libopencm3//lib/libopencm3_stm32f3.a(rcc.o)
 .text.rcc_usb_prescale_1
                0x0000000000000000       0x10 ../libopencm3//lib/libopencm3_stm32f3.a(rcc.o)
 .text          0x0000000000000000        0x0 ../libopencm3//lib/libopencm3_stm32f3.a(gpio.o)
 .data          0x0000000000000000        0x0 ../libopencm3//lib/libopencm3_stm32f3.a(gpio.o)
 .bss           0x0000000000000000        0x0 ../libopencm3//lib/libopencm3_stm32f3.a(gpio.o)
 .text.gpio_set_output_options
                0x0000000000000000       0x34 ../libopencm3//lib/libopencm3_stm32f3.a(gpio.o)
 .text.gpio_set_af
                0x0000000000000000       0x50 ../libopencm3//lib/libopencm3_stm32f3.a(gpio.o)
 .text.gpio_get
                0x0000000000000000        0x6 ../libopencm3//lib/libopencm3_stm32f3.a(gpio.o)
 .text.gpio_toggle
                0x0000000000000000        0x8 ../libopencm3//lib/libopencm3_stm32f3.a(gpio.o)
 .text.gpio_port_read
                0x0000000000000000        0x6 ../libopencm3//lib/libopencm3_stm32f3.a(gpio.o)
 .text.gpio_port_write
                0x0000000000000000        0x4 ../libopencm3//lib/libopencm3_stm32f3.a(gpio.o)
 .text.gpio_port_config_lock
                0x0000000000000000       0x10 ../libopencm3//lib/libopencm3_stm32f3.a(gpio.o)
 .text          0x0000000000000000        0x0 ../libopencm3//lib/libopencm3_stm32f3.a(flash_common_f234.o)
 .data          0x0000000000000000        0x0 ../libopencm3//lib/libopencm3_stm32f3.a(flash_common_f234.o)
 .bss           0x0000000000000000        0x0 ../libopencm3//lib/libopencm3_stm32f3.a(flash_common_f234.o)
 .text.flash_unlock
                0x0000000000000000       0x24 ../libopencm3//lib/libopencm3_stm32f3.a(flash_common_f234.o)
 .text.flash_lock
                0x0000000000000000       0x10 ../libopencm3//lib/libopencm3_stm32f3.a(flash_common_f234.o)
 .text.flash_clear_pgperr_flag
                0x0000000000000000       0x10 ../libopencm3//lib/libopencm3_stm32f3.a(flash_common_f234.o)
 .text.flash_clear_eop_flag
                0x0000000000000000       0x10 ../libopencm3//lib/libopencm3_stm32f3.a(flash_common_f234.o)
 .text.flash_clear_bsy_flag
                0x0000000000000000       0x10 ../libopencm3//lib/libopencm3_stm32f3.a(flash_common_f234.o)
 .text.flash_wait_for_last_operation
                0x0000000000000000       0x10 ../libopencm3//lib/libopencm3_stm32f3.a(flash_common_f234.o)
 .text          0x0000000000000000        0x0 ../libopencm3//lib/libopencm3_stm32f3.a(rcc_common_all.o)
 .data          0x0000000000000000        0x0 ../libopencm3//lib/libopencm3_stm32f3.a(rcc_common_all.o)
 .bss           0x0000000000000000        0x0 ../libopencm3//lib/libopencm3_stm32f3.a(rcc_common_all.o)
 .text.rcc_peripheral_enable_clock
                0x0000000000000000        0x8 ../libopencm3//lib/libopencm3_stm32f3.a(rcc_common_all.o)
 .text.rcc_peripheral_disable_clock
                0x0000000000000000        0xa ../libopencm3//lib/libopencm3_stm32f3.a(rcc_common_all.o)
 .text.rcc_peripheral_reset
                0x0000000000000000        0x8 ../libopencm3//lib/libopencm3_stm32f3.a(rcc_common_all.o)
 .text.rcc_peripheral_clear_reset
                0x0000000000000000        0xa ../libopencm3//lib/libopencm3_stm32f3.a(rcc_common_all.o)
 .text.rcc_periph_clock_disable
                0x0000000000000000       0x1e ../libopencm3//lib/libopencm3_stm32f3.a(rcc_common_all.o)
 .text.rcc_periph_reset_pulse
                0x0000000000000000       0x24 ../libopencm3//lib/libopencm3_stm32f3.a(rcc_common_all.o)
 .text.rcc_periph_reset_hold
                0x0000000000000000       0x1c ../libopencm3//lib/libopencm3_stm32f3.a(rcc_common_all.o)
 .text.rcc_periph_reset_release
                0x0000000000000000       0x1e ../libopencm3//lib/libopencm3_stm32f3.a(rcc_common_all.o)
 .text          0x0000000000000000        0x0 ../libopencm3//lib/libopencm3_stm32f3.a(vector.o)
 .data          0x0000000000000000        0x0 ../libopencm3//lib/libopencm3_stm32f3.a(vector.o)
 .bss           0x0000000000000000        0x0 ../libopencm3//lib/libopencm3_stm32f3.a(vector.o)
 .text          0x0000000000000000        0x0 ../libopencm3//lib/libopencm3_stm32f3.a(assert.o)
 .data          0x0000000000000000        0x0 ../libopencm3//lib/libopencm3_stm32f3.a(assert.o)
 .bss           0x0000000000000000        0x0 ../libopencm3//lib/libopencm3_stm32f3.a(assert.o)
 .text.cm3_assert_failed
                0x0000000000000000        0x2 ../libopencm3//lib/libopencm3_stm32f3.a(assert.o)
 .text.cm3_assert_failed_verbose
                0x0000000000000000        0x6 ../libopencm3//lib/libopencm3_stm32f3.a(assert.o)
 .debug_info    0x0000000000000000       0xea ../libopencm3//lib/libopencm3_stm32f3.a(assert.o)
 .debug_abbrev  0x0000000000000000       0x86 ../libopencm3//lib/libopencm3_stm32f3.a(assert.o)
 .debug_loc     0x0000000000000000       0x84 ../libopencm3//lib/libopencm3_stm32f3.a(assert.o)
 .debug_aranges
                0x0000000000000000       0x28 ../libopencm3//lib/libopencm3_stm32f3.a(assert.o)
 .debug_ranges  0x0000000000000000       0x18 ../libopencm3//lib/libopencm3_stm32f3.a(assert.o)
 .debug_line    0x0000000000000000       0x53 ../libopencm3//lib/libopencm3_stm32f3.a(assert.o)
 .debug_str     0x0000000000000000      0x1e1 ../libopencm3//lib/libopencm3_stm32f3.a(assert.o)
 .comment       0x0000000000000000       0x71 ../libopencm3//lib/libopencm3_stm32f3.a(assert.o)
 .ARM.attributes
                0x0000000000000000       0x39 ../libopencm3//lib/libopencm3_stm32f3.a(assert.o)
 .debug_frame   0x0000000000000000       0x38 ../libopencm3//lib/libopencm3_stm32f3.a(assert.o)

Memory Configuration

Name             Origin             Length             Attributes
rom              0x0000000008000000 0x0000000000040000 xr
ram              0x0000000020000000 0x000000000000a000 xrw
*default*        0x0000000000000000 0xffffffffffffffff

Linker script and memory map

LOAD khath.o
LOAD ../libopencm3//lib/libopencm3_stm32f3.a
START GROUP
LOAD /usr/bin/../lib/gcc/arm-none-eabi/4.8.3/../../../../arm-none-eabi/lib/armv7e-m/fpu/libc.a
LOAD /usr/bin/../lib/gcc/arm-none-eabi/4.8.3/armv7e-m/fpu/libgcc.a
LOAD /usr/bin/../lib/gcc/arm-none-eabi/4.8.3/../../../../arm-none-eabi/lib/armv7e-m/fpu/libnosys.a
END GROUP
START GROUP
LOAD /usr/bin/../lib/gcc/arm-none-eabi/4.8.3/armv7e-m/fpu/libgcc.a
LOAD /usr/bin/../lib/gcc/arm-none-eabi/4.8.3/../../../../arm-none-eabi/lib/armv7e-m/fpu/libc.a
END GROUP

.text           0x0000000008000000      0x598
 *(.vectors)
 .vectors       0x0000000008000000      0x184 ../libopencm3//lib/libopencm3_stm32f3.a(vector.o)
                0x0000000008000000                vector_table
 *(.text*)
 .text.startup.main
                0x0000000008000184       0x68 khath.o
                0x0000000008000184                main
 .text.rcc_wait_for_osc_ready
                0x00000000080001ec       0x4c ../libopencm3//lib/libopencm3_stm32f3.a(rcc.o)
                0x00000000080001ec                rcc_wait_for_osc_ready
 .text.rcc_wait_for_osc_not_ready
                0x0000000008000238       0x4c ../libopencm3//lib/libopencm3_stm32f3.a(rcc.o)
                0x0000000008000238                rcc_wait_for_osc_not_ready
 .text.rcc_wait_for_sysclk_status
                0x0000000008000284       0x38 ../libopencm3//lib/libopencm3_stm32f3.a(rcc.o)
                0x0000000008000284                rcc_wait_for_sysclk_status
 .text.rcc_osc_on
                0x00000000080002bc       0x44 ../libopencm3//lib/libopencm3_stm32f3.a(rcc.o)
                0x00000000080002bc                rcc_osc_on
 .text.rcc_osc_off
                0x0000000008000300       0x44 ../libopencm3//lib/libopencm3_stm32f3.a(rcc.o)
                0x0000000008000300                rcc_osc_off
 .text.rcc_set_sysclk_source
                0x0000000008000344       0x14 ../libopencm3//lib/libopencm3_stm32f3.a(rcc.o)
                0x0000000008000344                rcc_set_sysclk_source
 .text.rcc_set_pll_source
                0x0000000008000358       0x14 ../libopencm3//lib/libopencm3_stm32f3.a(rcc.o)
                0x0000000008000358                rcc_set_pll_source
 .text.rcc_set_ppre2
                0x000000000800036c       0x14 ../libopencm3//lib/libopencm3_stm32f3.a(rcc.o)
                0x000000000800036c                rcc_set_ppre2
 .text.rcc_set_ppre1
                0x0000000008000380       0x14 ../libopencm3//lib/libopencm3_stm32f3.a(rcc.o)
                0x0000000008000380                rcc_set_ppre1
 .text.rcc_set_hpre
                0x0000000008000394       0x14 ../libopencm3//lib/libopencm3_stm32f3.a(rcc.o)
                0x0000000008000394                rcc_set_hpre
 .text.rcc_set_main_pll_hsi
                0x00000000080003a8       0x14 ../libopencm3//lib/libopencm3_stm32f3.a(rcc.o)
                0x00000000080003a8                rcc_set_main_pll_hsi
 .text.rcc_clock_setup_hsi
                0x00000000080003bc       0x8c ../libopencm3//lib/libopencm3_stm32f3.a(rcc.o)
                0x00000000080003bc                rcc_clock_setup_hsi
 .text.gpio_mode_setup
                0x0000000008000448       0x44 ../libopencm3//lib/libopencm3_stm32f3.a(gpio.o)
                0x0000000008000448                gpio_mode_setup
 .text.gpio_set
                0x000000000800048c        0x4 ../libopencm3//lib/libopencm3_stm32f3.a(gpio.o)
                0x000000000800048c                gpio_set
 .text.gpio_clear
                0x0000000008000490        0x6 ../libopencm3//lib/libopencm3_stm32f3.a(gpio.o)
                0x0000000008000490                gpio_clear
 *fill*         0x0000000008000496        0x2 
 .text.flash_set_ws
                0x0000000008000498       0x14 ../libopencm3//lib/libopencm3_stm32f3.a(flash_common_f234.o)
                0x0000000008000498                flash_set_ws
 .text.rcc_periph_clock_enable
                0x00000000080004ac       0x1c ../libopencm3//lib/libopencm3_stm32f3.a(rcc_common_all.o)
                0x00000000080004ac                rcc_periph_clock_enable
 .text.blocking_handler
                0x00000000080004c8        0x2 ../libopencm3//lib/libopencm3_stm32f3.a(vector.o)
                0x00000000080004c8                exti0_isr
                0x00000000080004c8                i2c2_ev_exti24_isr
                0x00000000080004c8                usb_hp_isr
                0x00000000080004c8                tim7_isr
                0x00000000080004c8                reserved_12_isr
                0x00000000080004c8                adc1_2_isr
                0x00000000080004c8                reserved_11_isr
                0x00000000080004c8                reserved_7_isr
                0x00000000080004c8                reserved_13_isr
                0x00000000080004c8                blocking_handler
                0x00000000080004c8                rtc_wkup_isr
                0x00000000080004c8                tim1_up_tim16_isr
                0x00000000080004c8                spi1_isr
                0x00000000080004c8                dma1_channel6_isr
                0x00000000080004c8                reserved_5_isr
                0x00000000080004c8                dma1_channel5_isr
                0x00000000080004c8                dma2_channel5_isr
                0x00000000080004c8                tamp_stamp_isr
                0x00000000080004c8                can1_rx1_isr
                0x00000000080004c8                usage_fault_handler
                0x00000000080004c8                tim8_trg_com_isr
                0x00000000080004c8                i2c1_ev_exti23_isr
                0x00000000080004c8                tim1_trg_com_tim17_isr
                0x00000000080004c8                reserved_15_isr
                0x00000000080004c8                usb_wkup_isr
                0x00000000080004c8                can1_sce_isr
                0x00000000080004c8                reserved_3_isr
                0x00000000080004c8                tim1_cc_isr
                0x00000000080004c8                eth_isr
                0x00000000080004c8                reserved_14_isr
                0x00000000080004c8                dma1_channel4_isr
                0x00000000080004c8                tim8_brk_isr
                0x00000000080004c8                dma2_channel4_isr
                0x00000000080004c8                pvd_isr
                0x00000000080004c8                comp123_isr
                0x00000000080004c8                comp456_isr
                0x00000000080004c8                rcc_isr
                0x00000000080004c8                reserved_8_isr
                0x00000000080004c8                flash_isr
                0x00000000080004c8                rtc_alarm_isr
                0x00000000080004c8                reserved_2_isr
                0x00000000080004c8                exti15_10_isr
                0x00000000080004c8                hard_fault_handler
                0x00000000080004c8                exti1_isr
                0x00000000080004c8                dma2_channel1_isr
                0x00000000080004c8                spi2_isr
                0x00000000080004c8                reserved_9_isr
                0x00000000080004c8                nvic_wwdg_isr
                0x00000000080004c8                tim8_up_isr
                0x00000000080004c8                usart1_exti25_isr
                0x00000000080004c8                dma2_channel2_isr
                0x00000000080004c8                adc3_isr
                0x00000000080004c8                exti3_isr
                0x00000000080004c8                tim3_isr
                0x00000000080004c8                i2c2_er_isr
                0x00000000080004c8                reserved_1_isr
                0x00000000080004c8                dma1_channel1_isr
                0x00000000080004c8                exti4_isr
                0x00000000080004c8                tim6_dac_isr
                0x00000000080004c8                mem_manage_handler
                0x00000000080004c8                exti9_5_isr
                0x00000000080004c8                dma2_channel3_isr
                0x00000000080004c8                usb_hp_can1_tx_isr
                0x00000000080004c8                dma1_channel7_isr
                0x00000000080004c8                usart3_exti28_isr
                0x00000000080004c8                reserved_6_isr
                0x00000000080004c8                tim4_isr
                0x00000000080004c8                usb_lp_can1_rx0_isr
                0x00000000080004c8                dma1_channel2_isr
                0x00000000080004c8                i2c1_er_isr
                0x00000000080004c8                tim8_cc_isr
                0x00000000080004c8                comp7_isr
                0x00000000080004c8                uart5_exti35_isr
                0x00000000080004c8                reserved_4_isr
                0x00000000080004c8                bus_fault_handler
                0x00000000080004c8                tim1_brk_tim15_isr
                0x00000000080004c8                dma1_channel3_isr
                0x00000000080004c8                uart4_exti34_isr
                0x00000000080004c8                usart2_exti26_isr
                0x00000000080004c8                spi3_isr
                0x00000000080004c8                reserved_10_isr
                0x00000000080004c8                tim2_isr
                0x00000000080004c8                reserved_16_isr
                0x00000000080004c8                exti2_tsc_isr
                0x00000000080004c8                usb_wkup_a_isr
                0x00000000080004c8                usb_lp_isr
 .text.null_handler
                0x00000000080004ca        0x2 ../libopencm3//lib/libopencm3_stm32f3.a(vector.o)
                0x00000000080004ca                null_handler
                0x00000000080004ca                sv_call_handler
                0x00000000080004ca                pend_sv_handler
                0x00000000080004ca                debug_monitor_handler
                0x00000000080004ca                sys_tick_handler
                0x00000000080004ca                nmi_handler
 .text.reset_handler
                0x00000000080004cc       0x90 ../libopencm3//lib/libopencm3_stm32f3.a(vector.o)
                0x00000000080004cc                reset_handler
                0x000000000800055c                . = ALIGN (0x4)
 *(.rodata*)
 .rodata.hsi_8mhz
                0x000000000800055c       0x3c ../libopencm3//lib/libopencm3_stm32f3.a(rcc.o)
                0x000000000800055c                hsi_8mhz
                0x0000000008000598                . = ALIGN (0x4)

.glue_7         0x0000000008000598        0x0
 .glue_7        0x0000000000000000        0x0 linker stubs

.glue_7t        0x0000000008000598        0x0
 .glue_7t       0x0000000000000000        0x0 linker stubs

.vfp11_veneer   0x0000000008000598        0x0
 .vfp11_veneer  0x0000000000000000        0x0 linker stubs

.v4_bx          0x0000000008000598        0x0
 .v4_bx         0x0000000000000000        0x0 linker stubs

.iplt           0x0000000008000598        0x0
 .iplt          0x0000000000000000        0x0 khath.o

.rel.dyn        0x0000000008000598        0x0
 .rel.iplt      0x0000000000000000        0x0 khath.o

.preinit_array  0x0000000008000598        0x0
                0x0000000008000598                . = ALIGN (0x4)
                0x0000000008000598                __preinit_array_start = .
 *(.preinit_array)
                0x0000000008000598                __preinit_array_end = .

.init_array     0x0000000008000598        0x0
                0x0000000008000598                . = ALIGN (0x4)
                0x0000000008000598                __init_array_start = .
 *(SORT(.init_array.*))
 *(.init_array)
                0x0000000008000598                __init_array_end = .

.fini_array     0x0000000008000598        0x0
                0x0000000008000598                . = ALIGN (0x4)
                0x0000000008000598                __fini_array_start = .
 *(.fini_array)
 *(SORT(.fini_array.*))
                0x0000000008000598                __fini_array_end = .

.ARM.extab
 *(.ARM.extab*)

.ARM.exidx      0x0000000008000598        0x0
                0x0000000008000598                __exidx_start = .
 *(.ARM.exidx*)
                0x0000000008000598                __exidx_end = .
                0x0000000008000598                . = ALIGN (0x4)
                0x0000000008000598                _etext = .

.data           0x0000000020000000        0x8 load address 0x0000000008000598
                0x0000000020000000                _data = .
 *(.data*)
 .data.rcc_ppre1_frequency
                0x0000000020000000        0x4 ../libopencm3//lib/libopencm3_stm32f3.a(rcc.o)
                0x0000000020000000                rcc_ppre1_frequency
 .data.rcc_ppre2_frequency
                0x0000000020000004        0x4 ../libopencm3//lib/libopencm3_stm32f3.a(rcc.o)
                0x0000000020000004                rcc_ppre2_frequency
                0x0000000020000008                . = ALIGN (0x4)
                0x0000000020000008                _edata = .
                0x0000000008000598                _data_loadaddr = LOADADDR (.data)

.igot.plt       0x0000000020000008        0x0 load address 0x00000000080005a0
 .igot.plt      0x0000000000000000        0x0 khath.o

.bss            0x0000000020000008        0x0 load address 0x00000000080005a0
 *(.bss*)
 *(COMMON)
                0x0000000020000008                . = ALIGN (0x4)
                0x0000000020000008                _ebss = .

/DISCARD/
 *(.eh_frame)
                0x0000000020000008                . = ALIGN (0x4)
                0x0000000020000008                end = .
                0x000000002000a000                PROVIDE (_stack, (ORIGIN (ram) + 0xa000))
OUTPUT(khath.elf elf32-littlearm)

.debug_info     0x0000000000000000     0x1823
 .debug_info    0x0000000000000000      0x48c khath.o
 .debug_info    0x000000000000048c      0x76a ../libopencm3//lib/libopencm3_stm32f3.a(rcc.o)
 .debug_info    0x0000000000000bf6      0x36e ../libopencm3//lib/libopencm3_stm32f3.a(gpio.o)
 .debug_info    0x0000000000000f64      0x11b ../libopencm3//lib/libopencm3_stm32f3.a(flash_common_f234.o)
 .debug_info    0x000000000000107f      0x4f5 ../libopencm3//lib/libopencm3_stm32f3.a(rcc_common_all.o)
 .debug_info    0x0000000000001574      0x2af ../libopencm3//lib/libopencm3_stm32f3.a(vector.o)

.debug_abbrev   0x0000000000000000      0x7bd
 .debug_abbrev  0x0000000000000000      0x172 khath.o
 .debug_abbrev  0x0000000000000172      0x2a6 ../libopencm3//lib/libopencm3_stm32f3.a(rcc.o)
 .debug_abbrev  0x0000000000000418      0x129 ../libopencm3//lib/libopencm3_stm32f3.a(gpio.o)
 .debug_abbrev  0x0000000000000541       0x87 ../libopencm3//lib/libopencm3_stm32f3.a(flash_common_f234.o)
 .debug_abbrev  0x00000000000005c8       0xbe ../libopencm3//lib/libopencm3_stm32f3.a(rcc_common_all.o)
 .debug_abbrev  0x0000000000000686      0x137 ../libopencm3//lib/libopencm3_stm32f3.a(vector.o)

.debug_loc      0x0000000000000000      0x71c
 .debug_loc     0x0000000000000000       0x79 khath.o
 .debug_loc     0x0000000000000079      0x2b1 ../libopencm3//lib/libopencm3_stm32f3.a(rcc.o)
 .debug_loc     0x000000000000032a      0x195 ../libopencm3//lib/libopencm3_stm32f3.a(gpio.o)
 .debug_loc     0x00000000000004bf       0x3f ../libopencm3//lib/libopencm3_stm32f3.a(flash_common_f234.o)
 .debug_loc     0x00000000000004fe      0x129 ../libopencm3//lib/libopencm3_stm32f3.a(rcc_common_all.o)
 .debug_loc     0x0000000000000627       0xf5 ../libopencm3//lib/libopencm3_stm32f3.a(vector.o)

.debug_aranges  0x0000000000000000      0x268
 .debug_aranges
                0x0000000000000000       0x20 khath.o
 .debug_aranges
                0x0000000000000020      0x100 ../libopencm3//lib/libopencm3_stm32f3.a(rcc.o)
 .debug_aranges
                0x0000000000000120       0x68 ../libopencm3//lib/libopencm3_stm32f3.a(gpio.o)
 .debug_aranges
                0x0000000000000188       0x50 ../libopencm3//lib/libopencm3_stm32f3.a(flash_common_f234.o)
 .debug_aranges
                0x00000000000001d8       0x60 ../libopencm3//lib/libopencm3_stm32f3.a(rcc_common_all.o)
 .debug_aranges
                0x0000000000000238       0x30 ../libopencm3//lib/libopencm3_stm32f3.a(vector.o)

.debug_ranges   0x0000000000000000      0x220
 .debug_ranges  0x0000000000000000       0x10 khath.o
 .debug_ranges  0x0000000000000010       0xf0 ../libopencm3//lib/libopencm3_stm32f3.a(rcc.o)
 .debug_ranges  0x0000000000000100       0x58 ../libopencm3//lib/libopencm3_stm32f3.a(gpio.o)
 .debug_ranges  0x0000000000000158       0x40 ../libopencm3//lib/libopencm3_stm32f3.a(flash_common_f234.o)
 .debug_ranges  0x0000000000000198       0x50 ../libopencm3//lib/libopencm3_stm32f3.a(rcc_common_all.o)
 .debug_ranges  0x00000000000001e8       0x38 ../libopencm3//lib/libopencm3_stm32f3.a(vector.o)

.debug_line     0x0000000000000000      0xa37
 .debug_line    0x0000000000000000      0x157 khath.o
 .debug_line    0x0000000000000157      0x39b ../libopencm3//lib/libopencm3_stm32f3.a(rcc.o)
 .debug_line    0x00000000000004f2      0x163 ../libopencm3//lib/libopencm3_stm32f3.a(gpio.o)
 .debug_line    0x0000000000000655      0x11c ../libopencm3//lib/libopencm3_stm32f3.a(flash_common_f234.o)
 .debug_line    0x0000000000000771      0x15f ../libopencm3//lib/libopencm3_stm32f3.a(rcc_common_all.o)
 .debug_line    0x00000000000008d0      0x167 ../libopencm3//lib/libopencm3_stm32f3.a(vector.o)

.debug_str      0x0000000000000000      0xdcb
 .debug_str     0x0000000000000000      0x472 khath.o
                                        0x4d6 (size before relaxing)
 .debug_str     0x0000000000000472      0x38a ../libopencm3//lib/libopencm3_stm32f3.a(rcc.o)
                                        0x4f4 (size before relaxing)
 .debug_str     0x00000000000007fc       0xcc ../libopencm3//lib/libopencm3_stm32f3.a(gpio.o)
                                        0x2b7 (size before relaxing)
 .debug_str     0x00000000000008c8       0x96 ../libopencm3//lib/libopencm3_stm32f3.a(flash_common_f234.o)
                                        0x23f (size before relaxing)
 .debug_str     0x000000000000095e      0x2c2 ../libopencm3//lib/libopencm3_stm32f3.a(rcc_common_all.o)
                                        0x69a (size before relaxing)
 .debug_str     0x0000000000000c20      0x1ab ../libopencm3//lib/libopencm3_stm32f3.a(vector.o)
                                        0x355 (size before relaxing)

.comment        0x0000000000000000       0x70
 .comment       0x0000000000000000       0x70 khath.o
                                         0x71 (size before relaxing)
 .comment       0x0000000000000000       0x71 ../libopencm3//lib/libopencm3_stm32f3.a(rcc.o)
 .comment       0x0000000000000000       0x71 ../libopencm3//lib/libopencm3_stm32f3.a(gpio.o)
 .comment       0x0000000000000000       0x71 ../libopencm3//lib/libopencm3_stm32f3.a(flash_common_f234.o)
 .comment       0x0000000000000000       0x71 ../libopencm3//lib/libopencm3_stm32f3.a(rcc_common_all.o)
 .comment       0x0000000000000000       0x71 ../libopencm3//lib/libopencm3_stm32f3.a(vector.o)

.ARM.attributes
                0x0000000000000000       0x39
 .ARM.attributes
                0x0000000000000000       0x39 khath.o
 .ARM.attributes
                0x0000000000000039       0x39 ../libopencm3//lib/libopencm3_stm32f3.a(rcc.o)
 .ARM.attributes
                0x0000000000000072       0x39 ../libopencm3//lib/libopencm3_stm32f3.a(gpio.o)
 .ARM.attributes
                0x00000000000000ab       0x39 ../libopencm3//lib/libopencm3_stm32f3.a(flash_common_f234.o)
 .ARM.attributes
                0x00000000000000e4       0x39 ../libopencm3//lib/libopencm3_stm32f3.a(rcc_common_all.o)
 .ARM.attributes
                0x000000000000011d       0x39 ../libopencm3//lib/libopencm3_stm32f3.a(vector.o)

.debug_frame    0x0000000000000000      0x454
 .debug_frame   0x0000000000000000       0x28 khath.o
 .debug_frame   0x0000000000000028      0x1f0 ../libopencm3//lib/libopencm3_stm32f3.a(rcc.o)
 .debug_frame   0x0000000000000218       0xdc ../libopencm3//lib/libopencm3_stm32f3.a(gpio.o)
 .debug_frame   0x00000000000002f4       0x80 ../libopencm3//lib/libopencm3_stm32f3.a(flash_common_f234.o)
 .debug_frame   0x0000000000000374       0xa0 ../libopencm3//lib/libopencm3_stm32f3.a(rcc_common_all.o)
 .debug_frame   0x0000000000000414       0x40 ../libopencm3//lib/libopencm3_stm32f3.a(vector.o)
